// Jest Snapshot v1, https://goo.gl/fbAQLP

exports[`Snapshot ViewSong 1`] = `null`;
